(hello, 1) => hello 1
(hello, 2) => hello 2
(hello, 3) => hello 3
(world, 1) => world 1
(world, 2) => world 2
(world, 3) => world 3

