Some descriptive text, to help understand the output


[0] = 0
[1] = 1
[2] = 2
[3] = 3

