[not yet approved, so that the test will fail, for demo purposes]
